// Jest Snapshot v1, https://goo.gl/fbAQLP

exports[`LandingPage matches snapshot 1`] = `
<DocumentFragment>
  <div
    class="landing-page"
  >
    <div>
      <div
        data-testid="navbar"
      >
        Navbar
      </div>
    </div>
    <main
      class="content"
    >
      <p>
        To start matching, please update your ideal match factor via the profile tab!
      </p>
    </main>
    <div>
      <div
        data-testid="footer"
      >
        Footer
      </div>
    </div>
  </div>
</DocumentFragment>
`;
